void TestCopyConstructor(){
	cout << "Testing Copy Constructor..." << endl;

	RedBlackTree rbt1 = RedBlackTree();
	rbt1.Insert(11);
	rbt1.Insert(23);
	rbt1.Insert(9);
	rbt1.Insert(52);
	rbt1.Insert(31);
	rbt1.Insert(4);

	assert(rbt1.ToPrefixString() == " B11  B9  R4  B31  R23  R52 ");

	RedBlackTree rbt2 = RedBlackTree(rbt1);

	assert(rbt1.Size() == rbt2.Size());
	assert(rbt2.ToPrefixString() == rbt1.ToPrefixString());

	rbt1.Insert(200);
	assert(rbt2.ToPrefixString() != rbt1.ToPrefixString());


	RedBlackTree rbt3 = RedBlackTree();
	rbt3.Insert(12);
	rbt3.Insert(10);
	rbt3.Insert(0);
	rbt3.Insert(11);
	rbt3.Insert(3);
	rbt3.Insert(9);
	rbt3.Insert(2);
	rbt3.Insert(7);
	rbt3.Insert(1);
	rbt3.Insert(4);
	rbt3.Insert(6);
	rbt3.Insert(8);
	rbt3.Insert(37);
	rbt3.Insert(5);
	rbt3.Insert(72);
	rbt3.Insert(55);
	rbt3.Insert(90);
	rbt3.Insert(92);
	rbt3.Insert(20);
	rbt3.Insert(13);
	rbt3.Insert(57);
	rbt3.Insert(30);
	rbt3.Insert(64);
	rbt3.Insert(69);
	rbt3.Insert(50);
	rbt3.Insert(67);
	rbt3.Insert(99);
	rbt3.Insert(89);
	rbt3.Insert(33);

	assert(rbt3.ToPrefixString() == " B12  R7  B3  B1  R0  R2  B5  R4  R6  B10  B9  R8  B11  R55  B20  B13  R37  B30  R33  B50  B69  R64  B57  B67  R90  B72  R89  B92  R99 ");

	RedBlackTree rbt4 = RedBlackTree(rbt3);

	string s3 = rbt3.ToPrefixString();
	//cout << "s3: " << s3 << endl;
	string s4 = rbt4.ToPrefixString();
	//cout << "s4: " << s4 << endl;
	assert(rbt3.Size() == rbt4.Size());
	assert(s3 == s4);


	rbt3.Insert(200);
	assert(rbt3.ToPrefixString() != rbt4.ToPrefixString());


	// copy of empty tree
	RedBlackTree rbt5 = RedBlackTree();
	RedBlackTree rbt6 = RedBlackTree(rbt5);
	assert(rbt5.ToPrefixString() == "");
	assert(rbt6.ToPrefixString() == "");

	rbt5.Insert(65);
	assert(rbt5.ToPrefixString() == " B65 ");

	rbt6.Insert(32);
	assert(rbt6.ToPrefixString() == " B32 ");

	cout << "PASSED!" << endl << endl;
}

void TestInsertThirdNode(){
	cout << "Testing Insert Third Node..." << endl;
	RedBlackTree *rbt = new RedBlackTree();
	rbt->Insert(30);
	rbt->Insert(15);
	rbt->Insert(10); // Left Left
	//cout << "rbt: "  << rbt->ToPrefixString() << endl;
	assert(rbt->ToPrefixString() == " B15  R10  R30 ");
	delete rbt;
	
	rbt = new RedBlackTree(); 
	rbt->Insert(30);
	rbt->Insert(15);
	rbt->Insert(25); // Right Left
	assert(rbt->ToPrefixString() == " B25  R15  R30 ");
	delete rbt;
	
	rbt = new RedBlackTree();
	rbt->Insert(30);
	rbt->Insert(15);
	rbt->Insert(45); // Easy case
	assert(rbt->ToPrefixString() == " B30  R15  R45 ");
	delete rbt;
	
	// symmetry!
	
	rbt = new RedBlackTree();
	rbt->Insert(30);
	rbt->Insert(45);
	rbt->Insert(15); // Easy case
	assert(rbt->ToPrefixString() == " B30  R15  R45 ");
	delete rbt;
	
	rbt = new RedBlackTree();
	rbt->Insert(30);
	rbt->Insert(45);
	rbt->Insert(35); // Left Right
	assert(rbt->ToPrefixString() == " B35  R30  R45 ");
	delete rbt;
	
	rbt = new RedBlackTree();
	rbt->Insert(30);
	rbt->Insert(45);
	rbt->Insert(55); // Right Right
	assert(rbt->ToPrefixString() == " B45  R30  R55 ");
	delete rbt;
	
	cout << "PASSED!" << endl << endl;
}
